Hash Join  (cost=3.65..16.62 rows=1 width=16) (actual time=1.049..1.051 rows=1 loops=1)
  Hash Cond: (t.semantic_ref = m.metric_id)
  Join Filter: (((s.type = 'ACTION'::text) AND (ANY (s.semantic_ref = (hashed SubPlan 2).col1))) OR ((s.type = 'CLUSTER'::text) AND (ANY ((s.semantic_ref = (hashed SubPlan 4).col1) AND (m.metric_id = (hashed SubPlan 4).col2)))))
  Buffers: shared hit=389
  ->  Nested Loop  (cost=0.28..13.24 rows=1 width=39) (actual time=0.820..0.821 rows=1 loops=1)
        Buffers: shared hit=370
        ->  Index Scan using nodes_scope_id_idx on nodes s  (cost=0.14..8.82 rows=1 width=23) (actual time=0.681..0.681 rows=1 loops=1)
              Index Cond: (scope_id = 'af279c14-52b8-40a2-8df2-c18bcef566ca'::uuid)
              Filter: ((type = ANY ('{ACTION,CLUSTER}'::text[])) AND (node_id = '1d7e67b2-f9c9-430e-8383-d9405150e7ed'::uuid) AND has_scope_access(scope_id, 'viewer'::text) AND (((type = 'ACTION'::text) AND (ANY (semantic_ref = (hashed SubPlan 2).col1))) OR (type = 'CLUSTER'::text)))
              Rows Removed by Filter: 1
              Buffers: shared hit=356
              SubPlan 2
                ->  Index Only Scan using actions_scope_effective_date_idx on actions a  (cost=0.14..4.40 rows=1 width=16) (actual time=0.125..0.125 rows=1 loops=2)
                      Index Cond: (scope_id = 'af279c14-52b8-40a2-8df2-c18bcef566ca'::uuid)
                      Filter: has_scope_access(scope_id, 'viewer'::text)
                      Heap Fetches: 2
                      Buffers: shared hit=21
        ->  Index Scan using nodes_scope_id_idx on nodes t  (cost=0.14..4.41 rows=1 width=16) (actual time=0.139..0.139 rows=1 loops=1)
              Index Cond: (scope_id = 'af279c14-52b8-40a2-8df2-c18bcef566ca'::uuid)
              Filter: ((node_id = '997ed272-2d49-46c2-91e4-ed7f903e32c2'::uuid) AND (type = 'METRIC'::text) AND has_scope_access(scope_id, 'viewer'::text))
              Rows Removed by Filter: 1
              Buffers: shared hit=14
  ->  Hash  (cost=3.36..3.36 rows=1 width=16) (actual time=0.142..0.142 rows=1 loops=1)
        Buckets: 1024  Batches: 1  Memory Usage: 9kB
        Buffers: shared hit=13
        ->  Seq Scan on metrics m  (cost=0.00..3.36 rows=1 width=16) (actual time=0.140..0.140 rows=1 loops=1)
              Filter: ((scope_id = 'af279c14-52b8-40a2-8df2-c18bcef566ca'::uuid) AND has_scope_access(scope_id, 'viewer'::text))
              Rows Removed by Filter: 10
              Buffers: shared hit=13
  SubPlan 4
    ->  Bitmap Heap Scan on clusters c  (cost=4.19..13.91 rows=2 width=32) (never executed)
          Recheck Cond: (scope_id = 'af279c14-52b8-40a2-8df2-c18bcef566ca'::uuid)
          Filter: has_scope_access(scope_id, 'viewer'::text)
          ->  Bitmap Index Scan on clusters_scope_metric_window_start_key  (cost=0.00..4.19 rows=5 width=0) (never executed)
                Index Cond: (scope_id = 'af279c14-52b8-40a2-8df2-c18bcef566ca'::uuid)
Planning:
  Buffers: shared hit=582
Planning Time: 0.654 ms
Execution Time: 1.093 ms
