Using workdir /private/tmp/causent-t01-t04-stack
Resetting local database to version: 20260819053842
Recreating database...
Initialising schema...
Seeding globals from roles.sql...
Applying migration 20260703223627_v1_schema.sql...
Applying migration 20260703223628_v1_rls.sql...
Applying migration 20260703230000_bridge_support.sql...
Applying migration 20260703234500_bridge_integrity_fixes.sql...
Applying migration 20260704000000_actions_external_ref_unique.sql...
Applying migration 20260709000000_grant_base_privileges.sql...
Applying migration 20260710000000_objectives.sql...
Applying migration 20260711000000_prospective_layer.sql...
Applying migration 20260712040728_cold_start_levers.sql...
Applying migration 20260712052812_auth_allowlist.sql...
Applying migration 20260713144706_funnel_events.sql...
Applying migration 20260722052759_decision_report_persistence.sql...
Applying migration 20260722054820_decision_report_conflict_code.sql...
Applying migration 20260722061432_decision_report_activation.sql...
Applying migration 20260722062346_decision_report_activation_delete_semantics.sql...
Applying migration 20260722145536_import_active_report_metric_csv.sql...
Applying migration 20260722165809_decision_report_assets.sql...
Applying migration 20260722225327_decision_report_workspace_metric_import.sql...
Applying migration 20260723014049_workspace_core_metric_selection.sql...
Applying migration 20260723030000_manual_action_completion.sql...
Applying migration 20260723034202_decision_report_soft_delete.sql...
Applying migration 20260723035052_allow_active_report_soft_delete.sql...
Applying migration 20260723035518_scope_report_soft_delete_rpc.sql...
Applying migration 20260723043946_decision_report_partner_rollout.sql...
Applying migration 20260723053444_decision_report_iteration_series.sql...
Applying migration 20260723061012_workspace_current_decision_report_series.sql...
Applying migration 20260723061925_causal_recompute_current_report.sql...
Applying migration 20260723064500_decision_report_source_provenance.sql...
Applying migration 20260723151939_mvp_completion_contracts.sql...
Applying migration 20260810005135_make_decision_report_evidence_optional.sql...
Applying migration 20260810044832_remove_metric_mechanism_from_report_readiness.sql...
Applying migration 20260817012313_decision_report_multi_metric_activation.sql...
Applying migration 20260817055407_decision_report_scientific_contracts.sql...
Applying migration 20260817055412_connector_webhook_inbox.sql...
Applying migration 20260817055415_materialize_current_prediction_drift.sql...
Applying migration 20260817055817_chunked_metric_csv_imports.sql...
Applying migration 20260817060606_hot_read_path_indexes.sql...
Applying migration 20260817062054_decision_report_multi_metric_backfill.sql...
Applying migration 20260817062057_decision_report_multi_metric_validate.sql...
Applying migration 20260817062102_decision_report_multi_metric_contract.sql...
Applying migration 20260819044116_harden_security_definer_function_acl.sql...
Applying migration 20260819053842_provision_causent_worker_roles.sql...
Restarting containers...
Finished supabase db reset on branch main.
A new version of Supabase CLI is available: v2.116.0 (currently installed v2.98.1)
We recommend updating regularly for new features and bug fixes: https://supabase.com/docs/guides/cli/getting-started#updating-the-supabase-cli
